// Jest Snapshot v1, https://goo.gl/fbAQLP

exports[`Tarkeeb.vue render should render component with Arabic props passed in 1`] = `
"<div class=\\"container arabic-l text-center\\">
  <div>
    <div id=\\"answer\\" class=\\"answer\\"><span id=\\"0\\">و</span><span id=\\"1\\">َ</span><span id=\\"2\\">&nbsp;</span><span id=\\"3\\">ر</span><span id=\\"4\\">َ</span><span id=\\"5\\">ج</span><span id=\\"6\\">َ</span><span id=\\"7\\">ع</span><span id=\\"8\\">َ</span><span id=\\"9\\">&nbsp;</span><span id=\\"10\\">ا</span><span id=\\"11\\">ل</span><span id=\\"12\\">ن</span><span id=\\"13\\">ّ</span><span id=\\"14\\">َ</span><span id=\\"15\\">ا</span><span id=\\"16\\">س</span><span id=\\"17\\">ُ</span><span id=\\"18\\">&nbsp;</span><span id=\\"19\\">و</span><span id=\\"20\\">َ</span><span id=\\"21\\">&nbsp;</span><span id=\\"22\\">د</span><span id=\\"23\\">َ</span><span id=\\"24\\">خ</span><span id=\\"25\\">َ</span><span id=\\"26\\">ل</span><span id=\\"27\\">ُ</span><span id=\\"28\\">و</span><span id=\\"29\\">ْ</span><span id=\\"30\\">ا</span><span id=\\"31\\">&nbsp;</span><span id=\\"32\\">ف</span><span id=\\"33\\">ِ</span><span id=\\"34\\">ي</span><span id=\\"35\\">ْ</span><span id=\\"36\\">&nbsp;</span><span id=\\"37\\">ب</span><span id=\\"38\\">َ</span><span id=\\"39\\">ي</span><span id=\\"40\\">ْ</span><span id=\\"41\\">ت</span><span id=\\"42\\">ِ</span><span id=\\"43\\">&nbsp;</span><span id=\\"44\\">ا</span><span id=\\"45\\">ل</span><span id=\\"46\\">ْ</span><span id=\\"47\\">أ</span><span id=\\"48\\">َ</span><span id=\\"49\\">ص</span><span id=\\"50\\">ْ</span><span id=\\"51\\">ن</span><span id=\\"52\\">َ</span><span id=\\"53\\">ا</span><span id=\\"54\\">م</span><span id=\\"55\\">ِ</span></div>
  </div>
  <div dir=\\"rtl\\"><button type=\\"button\\" class=\\"mx-2 px-2 pb-5 pt-6 primary v-btn v-btn--is-elevated v-btn--has-bg theme--light v-size--default\\" id=\\"اسم إن\\"><span class=\\"v-btn__content\\"><span class=\\"arabic\\">اسم إن</span></span></button><button type=\\"button\\" class=\\"mx-2 px-2 pb-5 pt-6 primary v-btn v-btn--is-elevated v-btn--has-bg theme--light v-size--default\\" id=\\"اسم كان\\"><span class=\\"v-btn__content\\"><span class=\\"arabic\\">اسم كان</span></span></button><button type=\\"button\\" class=\\"mx-2 px-2 pb-5 pt-6 primary v-btn v-btn--is-elevated v-btn--has-bg theme--light v-size--default\\" id=\\"جارّ\\"><span class=\\"v-btn__content\\"><span class=\\"arabic\\">جارّ</span></span></button><button type=\\"button\\" class=\\"mx-2 px-2 pb-5 pt-6 primary v-btn v-btn--is-elevated v-btn--has-bg theme--light v-size--default\\" id=\\"حال\\"><span class=\\"v-btn__content\\"><span class=\\"arabic\\">حال</span></span></button><button type=\\"button\\" class=\\"mx-2 px-2 pb-5 pt-6 primary v-btn v-btn--is-elevated v-btn--has-bg theme--light v-size--default\\" id=\\"خبر\\"><span class=\\"v-btn__content\\"><span class=\\"arabic\\">خبر</span></span></button><button type=\\"button\\" class=\\"mx-2 px-2 pb-5 pt-6 primary v-btn v-btn--is-elevated v-btn--has-bg theme--light v-size--default\\" id=\\"خبر إن\\"><span class=\\"v-btn__content\\"><span class=\\"arabic\\">خبر إن</span></span></button><button type=\\"button\\" class=\\"mx-2 px-2 pb-5 pt-6 primary v-btn v-btn--is-elevated v-btn--has-bg theme--light v-size--default\\" id=\\"خبر كان\\"><span class=\\"v-btn__content\\"><span class=\\"arabic\\">خبر كان</span></span></button><button type=\\"button\\" class=\\"mx-2 px-2 pb-5 pt-6 primary v-btn v-btn--is-elevated v-btn--has-bg theme--light v-size--default\\" id=\\"ذو الحال\\"><span class=\\"v-btn__content\\"><span class=\\"arabic\\">ذو الحال</span></span></button><button type=\\"button\\" class=\\"mx-2 px-2 pb-5 pt-6 primary v-btn v-btn--is-elevated v-btn--has-bg theme--light v-size--default\\" id=\\"عطف\\"><span class=\\"v-btn__content\\"><span class=\\"arabic\\">عطف</span></span></button><button type=\\"button\\" class=\\"mx-2 px-2 pb-5 pt-6 primary v-btn v-btn--is-elevated v-btn--has-bg theme--light v-size--default\\" id=\\"فاعل\\"><span class=\\"v-btn__content\\"><span class=\\"arabic\\">فاعل</span></span></button><button type=\\"button\\" class=\\"mx-2 px-2 pb-5 pt-6 primary v-btn v-btn--is-elevated v-btn--has-bg theme--light v-size--default\\" id=\\"فعل\\"><span class=\\"v-btn__content\\"><span class=\\"arabic\\">فعل</span></span></button><button type=\\"button\\" class=\\"mx-2 px-2 pb-5 pt-6 primary v-btn v-btn--is-elevated v-btn--has-bg theme--light v-size--default\\" id=\\"مفعول به\\"><span class=\\"v-btn__content\\"><span class=\\"arabic\\">مفعول به</span></span></button><button type=\\"button\\" class=\\"mx-2 px-2 pb-5 pt-6 primary v-btn v-btn--is-elevated v-btn--has-bg theme--light v-size--default\\" id=\\"مفعول فيه\\"><span class=\\"v-btn__content\\"><span class=\\"arabic\\">مفعول فيه</span></span></button><button type=\\"button\\" class=\\"mx-2 px-2 pb-5 pt-6 primary v-btn v-btn--is-elevated v-btn--has-bg theme--light v-size--default\\" id=\\"مفعول له\\"><span class=\\"v-btn__content\\"><span class=\\"arabic\\">مفعول له</span></span></button><button type=\\"button\\" class=\\"mx-2 px-2 pb-5 pt-6 primary v-btn v-btn--is-elevated v-btn--has-bg theme--light v-size--default\\" id=\\"مفعول مطلق\\"><span class=\\"v-btn__content\\"><span class=\\"arabic\\">مفعول مطلق</span></span></button><button type=\\"button\\" class=\\"mx-2 px-2 pb-5 pt-6 primary v-btn v-btn--is-elevated v-btn--has-bg theme--light v-size--default\\" id=\\"مجرور\\"><span class=\\"v-btn__content\\"><span class=\\"arabic\\">مجرور</span></span></button><button type=\\"button\\" class=\\"mx-2 px-2 pb-5 pt-6 primary v-btn v-btn--is-elevated v-btn--has-bg theme--light v-size--default\\" id=\\"معطوف\\"><span class=\\"v-btn__content\\"><span class=\\"arabic\\">معطوف</span></span></button><button type=\\"button\\" class=\\"mx-2 px-2 pb-5 pt-6 primary v-btn v-btn--is-elevated v-btn--has-bg theme--light v-size--default\\" id=\\"معطوف عليه\\"><span class=\\"v-btn__content\\"><span class=\\"arabic\\">معطوف عليه</span></span></button><button type=\\"button\\" class=\\"mx-2 px-2 pb-5 pt-6 primary v-btn v-btn--is-elevated v-btn--has-bg theme--light v-size--default\\" id=\\"مبتدأ\\"><span class=\\"v-btn__content\\"><span class=\\"arabic\\">مبتدأ</span></span></button><button type=\\"button\\" class=\\"mx-2 px-2 pb-5 pt-6 primary v-btn v-btn--is-elevated v-btn--has-bg theme--light v-size--default\\" id=\\"مضاف\\"><span class=\\"v-btn__content\\"><span class=\\"arabic\\">مضاف</span></span></button><button type=\\"button\\" class=\\"mx-2 px-2 pb-5 pt-6 primary v-btn v-btn--is-elevated v-btn--has-bg theme--light v-size--default\\" id=\\"مضاف إليه\\"><span class=\\"v-btn__content\\"><span class=\\"arabic\\">مضاف إليه</span></span></button><button type=\\"button\\" class=\\"mx-2 px-2 pb-5 pt-6 primary v-btn v-btn--is-elevated v-btn--has-bg theme--light v-size--default\\" id=\\"متعلّق\\"><span class=\\"v-btn__content\\"><span class=\\"arabic\\">متعلّق</span></span></button></div>
</div>"
`;
