// Jest Snapshot v1, https://goo.gl/fbAQLP

exports[`English-To-Arabic.vue should convert phonetic English to Arabic 1`] = `"<div dir=\\"rtl\\" data-arabic=\\"\\" class=\\"arabic converted-text pa-0 ma-0\\">وَ ﷲُ أَكْبَرُ</div>"`;
